PHPUnit 10.5.0 by Sebastian Bergmann and contributors.

Runtime:       PHP 8.3.0
Configuration: C:\Users\shomsy\PhpstormProjects\components\phpunit.xml.dist

E                                                                   1 / 1 (100%)

Time: 00:00.027, Memory: 10.00 MB

There was 1 PHPUnit test runner warning:

1) No code coverage driver available

--

There was 1 error:

1) Tests\Feature\ApplicationBootTest::test_application_boots_and_serves_default_route
Avax\Container\Features\Core\Exceptions\ContainerException: Resolution pipeline failed at step 7: Avax\Container\Features\Actions\Instantiate\Instantiator::build(): Argument #2 ($overrides) must be of type array, null given, called in C:\Users\shomsy\PhpstormProjects\components\Avax\Container\Features\Actions\Resolve\Engine.php on line 156

C:\Users\shomsy\PhpstormProjects\components\Avax\Container\Features\Actions\Instantiate\Instantiator.php:64
C:\Users\shomsy\PhpstormProjects\components\Avax\Container\Features\Actions\Resolve\Engine.php:156
C:\Users\shomsy\PhpstormProjects\components\Avax\Container\Features\Actions\Resolve\Engine.php:117
C:\Users\shomsy\PhpstormProjects\components\Avax\Container\Features\Actions\Resolve\Engine.php:93
C:\Users\shomsy\PhpstormProjects\components\Avax\Container\Core\Kernel\Steps\ResolveInstanceStep.php:43
C:\Users\shomsy\PhpstormProjects\components\Avax\Container\Core\Kernel\ResolutionPipeline.php:81
C:\Users\shomsy\PhpstormProjects\components\Avax\Container\Core\Kernel\KernelRuntime.php:59
C:\Users\shomsy\PhpstormProjects\components\Avax\Container\Core\Kernel\KernelRuntime.php:46
C:\Users\shomsy\PhpstormProjects\components\Avax\Container\Core\ContainerKernel.php:140
C:\Users\shomsy\PhpstormProjects\components\Avax\Container\Container.php:52
C:\Users\shomsy\PhpstormProjects\components\Avax\Container\Features\Operate\Boot\Application.php:191
C:\Users\shomsy\PhpstormProjects\components\Avax\Container\Providers\Core\LoggingServiceProvider.php:31
C:\Users\shomsy\PhpstormProjects\components\Avax\Container\Features\Actions\Resolve\Engine.php:145
C:\Users\shomsy\PhpstormProjects\components\Avax\Container\Features\Actions\Resolve\Engine.php:117
C:\Users\shomsy\PhpstormProjects\components\Avax\Container\Features\Actions\Resolve\Engine.php:93
C:\Users\shomsy\PhpstormProjects\components\Avax\Container\Core\Kernel\Steps\ResolveInstanceStep.php:43
C:\Users\shomsy\PhpstormProjects\components\Avax\Container\Core\Kernel\ResolutionPipeline.php:81
C:\Users\shomsy\PhpstormProjects\components\Avax\Container\Core\Kernel\KernelRuntime.php:59
C:\Users\shomsy\PhpstormProjects\components\Avax\Container\Core\Kernel\KernelRuntime.php:46
C:\Users\shomsy\PhpstormProjects\components\Avax\Container\Core\ContainerKernel.php:140
C:\Users\shomsy\PhpstormProjects\components\Avax\Container\Container.php:52
C:\Users\shomsy\PhpstormProjects\components\Avax\Container\Features\Operate\Boot\Application.php:167
C:\Users\shomsy\PhpstormProjects\components\Avax\Container\Features\Operate\Boot\Application.php:350
C:\Users\shomsy\PhpstormProjects\components\Avax\Container\Features\Operate\Boot\ApplicationBuilder.php:356
C:\Users\shomsy\PhpstormProjects\components\Avax\Container\Features\Operate\Boot\ApplicationBuilder.php:282
C:\Users\shomsy\PhpstormProjects\components\bootstrap\bootstrap.php:19
C:\Users\shomsy\PhpstormProjects\components\tests\Feature\ApplicationBootTest.php:19

Caused by
TypeError: Avax\Container\Features\Actions\Instantiate\Instantiator::build(): Argument #2 ($overrides) must be of type array, null given, called in C:\Users\shomsy\PhpstormProjects\components\Avax\Container\Features\Actions\Resolve\Engine.php on line 156

C:\Users\shomsy\PhpstormProjects\components\Avax\Container\Features\Actions\Instantiate\Instantiator.php:64
C:\Users\shomsy\PhpstormProjects\components\Avax\Container\Features\Actions\Resolve\Engine.php:156
C:\Users\shomsy\PhpstormProjects\components\Avax\Container\Features\Actions\Resolve\Engine.php:117
C:\Users\shomsy\PhpstormProjects\components\Avax\Container\Features\Actions\Resolve\Engine.php:93
C:\Users\shomsy\PhpstormProjects\components\Avax\Container\Core\Kernel\Steps\ResolveInstanceStep.php:43
C:\Users\shomsy\PhpstormProjects\components\Avax\Container\Core\Kernel\ResolutionPipeline.php:81
C:\Users\shomsy\PhpstormProjects\components\Avax\Container\Core\Kernel\KernelRuntime.php:59
C:\Users\shomsy\PhpstormProjects\components\Avax\Container\Core\Kernel\KernelRuntime.php:46
C:\Users\shomsy\PhpstormProjects\components\Avax\Container\Core\ContainerKernel.php:140
C:\Users\shomsy\PhpstormProjects\components\Avax\Container\Container.php:52
C:\Users\shomsy\PhpstormProjects\components\Avax\Container\Features\Operate\Boot\Application.php:191
C:\Users\shomsy\PhpstormProjects\components\Avax\Container\Providers\Core\LoggingServiceProvider.php:31
C:\Users\shomsy\PhpstormProjects\components\Avax\Container\Features\Actions\Resolve\Engine.php:145
C:\Users\shomsy\PhpstormProjects\components\Avax\Container\Features\Actions\Resolve\Engine.php:117
C:\Users\shomsy\PhpstormProjects\components\Avax\Container\Features\Actions\Resolve\Engine.php:93
C:\Users\shomsy\PhpstormProjects\components\Avax\Container\Core\Kernel\Steps\ResolveInstanceStep.php:43
C:\Users\shomsy\PhpstormProjects\components\Avax\Container\Core\Kernel\ResolutionPipeline.php:81
C:\Users\shomsy\PhpstormProjects\components\Avax\Container\Core\Kernel\KernelRuntime.php:59
C:\Users\shomsy\PhpstormProjects\components\Avax\Container\Core\Kernel\KernelRuntime.php:46
C:\Users\shomsy\PhpstormProjects\components\Avax\Container\Core\ContainerKernel.php:140
C:\Users\shomsy\PhpstormProjects\components\Avax\Container\Container.php:52
C:\Users\shomsy\PhpstormProjects\components\Avax\Container\Features\Operate\Boot\Application.php:167
C:\Users\shomsy\PhpstormProjects\components\Avax\Container\Features\Operate\Boot\Application.php:350
C:\Users\shomsy\PhpstormProjects\components\Avax\Container\Features\Operate\Boot\ApplicationBuilder.php:356
C:\Users\shomsy\PhpstormProjects\components\Avax\Container\Features\Operate\Boot\ApplicationBuilder.php:282
C:\Users\shomsy\PhpstormProjects\components\bootstrap\bootstrap.php:19
C:\Users\shomsy\PhpstormProjects\components\tests\Feature\ApplicationBootTest.php:19

ERRORS!
Tests: 1, Assertions: 0, Errors: 1, Warnings: 3.
